<html>
<body>
<pre>
<h1>�Vision Build Log</h1>
<h2>Tool Versions:</h2>
IDE-Version: ��Vision V5.21.1.0
Copyright (C) 2016 ARM Ltd and ARM Germany GmbH. All rights reserved.
License Information: Jay Lee, DHU, LIC=JL263-AYNX7-UG37Q-NKYWB-66JJG-NFQ7V
 
Tool Versions:
Toolchain:       MDK-ARM Plus  Version: 5.21a
Toolchain Path:  D:\Program Files (x86)\Keil\Keil_for_ARM\ARM\ARMCC\Bin
C Compiler:      Armcc.exe V5.06 update 3 (build 300)
Assembler:       Armasm.exe V5.06 update 3 (build 300)
Linker/Locator:  ArmLink.exe V5.06 update 3 (build 300)
Library Manager: ArmAr.exe V5.06 update 3 (build 300)
Hex Converter:   FromElf.exe V5.06 update 3 (build 300)
CPU DLL:         SARMCM3.DLL V5.21a
Dialog DLL:      DCM.DLL V1.13.8.0
Target DLL:      Segger\JL2CM3.dll V2.99.23.0
Dialog DLL:      TCM.DLL V1.14.14.0
 
<h2>Project:</h2>
G:\Robocon\RoboCon2017_05_25\MDK-ARM\RoboCon2017V2.0.uvprojx
Project File Date:  05/25/2017

<h2>Output:</h2>
*** Using Compiler 'V5.06 update 3 (build 300)', folder: 'D:\Program Files (x86)\Keil\Keil_for_ARM\ARM\ARMCC\Bin'
Rebuild target 'RoboCon2017V2.0'
compiling stm32f4xx_hal_flash_ramfunc.c...
compiling stm32f4xx_it.c...
compiling stm32f4xx_hal_rng.c...
compiling stm32f4xx_hal_pwr_ex.c...
compiling stm32f4xx_hal_flash.c...
compiling stm32f4xx_hal_msp.c...
compiling stm32f4xx_hal_i2c_ex.c...
compiling stm32f4xx_hal_crc.c...
compiling stm32f4xx_hal_gpio.c...
compiling stm32f4xx_hal.c...
compiling stm32f4xx_hal_rcc.c...
compiling stm32f4xx_hal_dma.c...
compiling stm32f4xx_hal_rcc_ex.c...
compiling stm32f4xx_hal_cortex.c...
compiling stm32f4xx_hal_adc.c...
compiling stm32f4xx_hal_can.c...
compiling stm32f4xx_hal_tim_ex.c...
compiling stm32f4xx_hal_dma_ex.c...
compiling stm32f4xx_hal_flash_ex.c...
compiling stm32f4xx_hal_pwr.c...
compiling stm32f4xx_hal_adc_ex.c...
assembling startup_stm32f407xx.s...
compiling stm32f4xx_hal_uart.c...
compiling stm32f4xx_hal_tim.c...
compiling stm32f4xx_hal_i2c.c...
compiling system_stm32f4xx.c...
compiling main.c...
../Src/main.c(136): warning:  #68-D: integer conversion resulted in a change of sign
  int8_t position_stateB[8]  ={  0,	  0,	166,	249,	166,	  0,	249,	249};		//??Ӧ״̬?ֱ?Ϊ0 1 2 3 4 5 ?? Զ
../Src/main.c(136): warning:  #68-D: integer conversion resulted in a change of sign
  int8_t position_stateB[8]  ={  0,	  0,	166,	249,	166,	  0,	249,	249};		//??Ӧ״̬?ֱ?Ϊ0 1 2 3 4 5 ?? Զ
../Src/main.c(136): warning:  #68-D: integer conversion resulted in a change of sign
  int8_t position_stateB[8]  ={  0,	  0,	166,	249,	166,	  0,	249,	249};		//??Ӧ״̬?ֱ?Ϊ0 1 2 3 4 5 ?? Զ
../Src/main.c(136): warning:  #68-D: integer conversion resulted in a change of sign
  int8_t position_stateB[8]  ={  0,	  0,	166,	249,	166,	  0,	249,	249};		//??Ӧ״̬?ֱ?Ϊ0 1 2 3 4 5 ?? Զ
../Src/main.c(136): warning:  #68-D: integer conversion resulted in a change of sign
  int8_t position_stateB[8]  ={  0,	  0,	166,	249,	166,	  0,	249,	249};		//??Ӧ״̬?ֱ?Ϊ0 1 2 3 4 5 ?? Զ
../Src/main.c(137): warning:  #68-D: integer conversion resulted in a change of sign
  int8_t angle_stateB[8]     ={	0,	170,	165 ,	185,	163,	172,	170,	131};
../Src/main.c(137): warning:  #68-D: integer conversion resulted in a change of sign
  int8_t angle_stateB[8]     ={	0,	170,	165 ,	185,	163,	172,	170,	131};
../Src/main.c(137): warning:  #68-D: integer conversion resulted in a change of sign
  int8_t angle_stateB[8]     ={	0,	170,	165 ,	185,	163,	172,	170,	131};
../Src/main.c(137): warning:  #68-D: integer conversion resulted in a change of sign
  int8_t angle_stateB[8]     ={	0,	170,	165 ,	185,	163,	172,	170,	131};
../Src/main.c(137): warning:  #68-D: integer conversion resulted in a change of sign
  int8_t angle_stateB[8]     ={	0,	170,	165 ,	185,	163,	172,	170,	131};
../Src/main.c(137): warning:  #68-D: integer conversion resulted in a change of sign
  int8_t angle_stateB[8]     ={	0,	170,	165 ,	185,	163,	172,	170,	131};
../Src/main.c(137): warning:  #68-D: integer conversion resulted in a change of sign
  int8_t angle_stateB[8]     ={	0,	170,	165 ,	185,	163,	172,	170,	131};
../Src/main.c(138): warning:  #68-D: integer conversion resulted in a change of sign
  int8_t brushless_stateB[8] ={	0,	130,	130,	132,	130,	130,	 82,	162};
../Src/main.c(138): warning:  #68-D: integer conversion resulted in a change of sign
  int8_t brushless_stateB[8] ={	0,	130,	130,	132,	130,	130,	 82,	162};
../Src/main.c(138): warning:  #68-D: integer conversion resulted in a change of sign
  int8_t brushless_stateB[8] ={	0,	130,	130,	132,	130,	130,	 82,	162};
../Src/main.c(138): warning:  #68-D: integer conversion resulted in a change of sign
  int8_t brushless_stateB[8] ={	0,	130,	130,	132,	130,	130,	 82,	162};
../Src/main.c(138): warning:  #68-D: integer conversion resulted in a change of sign
  int8_t brushless_stateB[8] ={	0,	130,	130,	132,	130,	130,	 82,	162};
../Src/main.c(138): warning:  #68-D: integer conversion resulted in a change of sign
  int8_t brushless_stateB[8] ={	0,	130,	130,	132,	130,	130,	 82,	162};
../Src/main.c(153): warning:  #68-D: integer conversion resulted in a change of sign
  int8_t position_state[8]  ={  0,	  0,	166,	249,	166,	  0,	249,	249};		//??Ӧ״̬?ֱ?Ϊ0 1 2 3 4 5 3?? 3Զ
../Src/main.c(153): warning:  #68-D: integer conversion resulted in a change of sign
  int8_t position_state[8]  ={  0,	  0,	166,	249,	166,	  0,	249,	249};		//??Ӧ״̬?ֱ?Ϊ0 1 2 3 4 5 3?? 3Զ
../Src/main.c(153): warning:  #68-D: integer conversion resulted in a change of sign
  int8_t position_state[8]  ={  0,	  0,	166,	249,	166,	  0,	249,	249};		//??Ӧ״̬?ֱ?Ϊ0 1 2 3 4 5 3?? 3Զ
../Src/main.c(153): warning:  #68-D: integer conversion resulted in a change of sign
  int8_t position_state[8]  ={  0,	  0,	166,	249,	166,	  0,	249,	249};		//??Ӧ״̬?ֱ?Ϊ0 1 2 3 4 5 3?? 3Զ
../Src/main.c(153): warning:  #68-D: integer conversion resulted in a change of sign
  int8_t position_state[8]  ={  0,	  0,	166,	249,	166,	  0,	249,	249};		//??Ӧ״̬?ֱ?Ϊ0 1 2 3 4 5 3?? 3Զ
../Src/main.c(154): warning:  #68-D: integer conversion resulted in a change of sign
  int8_t angle_state[8]     ={	0,	170,	170,	194,	177,	177,	176,	129};
../Src/main.c(154): warning:  #68-D: integer conversion resulted in a change of sign
  int8_t angle_state[8]     ={	0,	170,	170,	194,	177,	177,	176,	129};
../Src/main.c(154): warning:  #68-D: integer conversion resulted in a change of sign
  int8_t angle_state[8]     ={	0,	170,	170,	194,	177,	177,	176,	129};
../Src/main.c(154): warning:  #68-D: integer conversion resulted in a change of sign
  int8_t angle_state[8]     ={	0,	170,	170,	194,	177,	177,	176,	129};
../Src/main.c(154): warning:  #68-D: integer conversion resulted in a change of sign
  int8_t angle_state[8]     ={	0,	170,	170,	194,	177,	177,	176,	129};
../Src/main.c(154): warning:  #68-D: integer conversion resulted in a change of sign
  int8_t angle_state[8]     ={	0,	170,	170,	194,	177,	177,	176,	129};
../Src/main.c(154): warning:  #68-D: integer conversion resulted in a change of sign
  int8_t angle_state[8]     ={	0,	170,	170,	194,	177,	177,	176,	129};
../Src/main.c(155): warning:  #68-D: integer conversion resulted in a change of sign
  int8_t brushless_state[8] ={	0,	129,	127,	132,	127,	129,	 82,	157};
../Src/main.c(155): warning:  #68-D: integer conversion resulted in a change of sign
  int8_t brushless_state[8] ={	0,	129,	127,	132,	127,	129,	 82,	157};
../Src/main.c(155): warning:  #68-D: integer conversion resulted in a change of sign
  int8_t brushless_state[8] ={	0,	129,	127,	132,	127,	129,	 82,	157};
../Src/main.c(155): warning:  #68-D: integer conversion resulted in a change of sign
  int8_t brushless_state[8] ={	0,	129,	127,	132,	127,	129,	 82,	157};
../Src/main.c(206): warning:  #1295-D: Deprecated declaration speed_0to1_ON - give arg types
  static void speed_0to1_ON();
../Src/main.c(207): warning:  #1295-D: Deprecated declaration speed_1to0_ON - give arg types
  static void speed_1to0_ON();
../Src/main.c(208): warning:  #1295-D: Deprecated declaration speed_0to2_ON - give arg types
  static void speed_0to2_ON();
../Src/main.c(209): warning:  #1295-D: Deprecated declaration speed_0to3_ON - give arg types
  static void speed_0to3_ON();
../Src/main.c(210): warning:  #1295-D: Deprecated declaration speed_0to4_ON - give arg types
  static void speed_0to4_ON();
../Src/main.c(211): warning:  #1295-D: Deprecated declaration speed_0to5_ON - give arg types
  static void speed_0to5_ON();
../Src/main.c(212): warning:  #1295-D: Deprecated declaration speed_2to0_ON - give arg types
  static void speed_2to0_ON();
../Src/main.c(213): warning:  #1295-D: Deprecated declaration speed_3to0_ON - give arg types
  static void speed_3to0_ON();
../Src/main.c(214): warning:  #1295-D: Deprecated declaration speed_4to0_ON - give arg types
  static void speed_4to0_ON();
../Src/main.c(215): warning:  #1295-D: Deprecated declaration speed_5to0_ON - give arg types
  static void speed_5to0_ON();
../Src/main.c(242): warning:  #177-D: variable "GPIO_InitStruct" was declared but never referenced
  	GPIO_InitTypeDef GPIO_InitStruct;
../Src/main.c(274): warning:  #177-D: variable "Text" was declared but never referenced
  	uint8_t Text[512];																					//sprintf?�?ת��
../Src/main.c(332): warning:  #177-D: variable "GPIO_InitStruct" was declared but never referenced
  		GPIO_InitTypeDef GPIO_InitStruct;
../Src/main.c(6820): warning:  #177-D: function "speed_0to5_ON" was declared but never referenced
  static void speed_0to5_ON()
../Src/main.c(7002): warning:  #177-D: function "speed_5to0_ON" was declared but never referenced
  static void speed_5to0_ON()
../Src/main.c: 49 warnings, 0 errors
linking...
Program Size: Code=77772 RO-data=440 RW-data=516 ZI-data=1988  
FromELF: creating hex file...
"RoboCon2017V2.0\RoboCon2017V2.0" - 0 Error(s), 49 Warning(s).

<h2>Software Packages used:</h2>

Package Vendor: ARM
                http://www.keil.com/pack/ARM.CMSIS.4.5.0.pack
                ARM::CMSIS:CORE:4.3.0
                CMSIS (Cortex Microcontroller Software Interface Standard)
   * Component: CORE Version: 4.3.0

<h2>Collection of Component include folders:</h2>
  G:\Robocon\RoboCon2017_05_25\MDK-ARM\RTE
  D:\Program Files (x86)\Keil\Keil_for_ARM\ARM\PACK\ARM\CMSIS\4.5.0\CMSIS\Include
  D:\Program Files (x86)\Keil\Keil_for_ARM\ARM\PACK\Keil\STM32F4xx_DFP\2.10.0\Drivers\CMSIS\Device\ST\STM32F4xx\Include

<h2>Collection of Component Files used:</h2>

   * Component: ARM::CMSIS:CORE:4.3.0
Build Time Elapsed:  00:00:36
</pre>
</body>
</html>
