<html>
<body>
<pre>
<h1>�Vision Build Log</h1>
<h2>Tool Versions:</h2>
IDE-Version: ��Vision V5.21.1.0
Copyright (C) 2016 ARM Ltd and ARM Germany GmbH. All rights reserved.
License Information: gdrg fhfthft, jfgyjyj, LIC=47GFW-QSZTW-9GT70-BXYTZ-J5CIM-FWT9K
 
Tool Versions:
Toolchain:       MDK-ARM Plus  Version: 5.21a
Toolchain Path:  I:\Keil 5\ARM\ARMCC\Bin
C Compiler:      Armcc.exe V5.06 update 3 (build 300)
Assembler:       Armasm.exe V5.06 update 3 (build 300)
Linker/Locator:  ArmLink.exe V5.06 update 3 (build 300)
Library Manager: ArmAr.exe V5.06 update 3 (build 300)
Hex Converter:   FromElf.exe V5.06 update 3 (build 300)
CPU DLL:         SARMCM3.DLL V5.21a
Dialog DLL:      DCM.DLL V1.13.8.0
Target DLL:      Segger\JL2CM3.dll V2.99.23.0
Dialog DLL:      TCM.DLL V1.14.14.0
 
<h2>Project:</h2>
C:\Users\zcw\Desktop\Robocon\RoboCon2017_final1.0\MDK-ARM\RoboCon2017V2.0.uvprojx
Project File Date:  06/04/2017

<h2>Output:</h2>
*** Using Compiler 'V5.06 update 3 (build 300)', folder: 'I:\Keil 5\ARM\ARMCC\Bin'
Rebuild target 'RoboCon2017V2.0'
compiling stm32f4xx_it.c...
compiling stm32f4xx_hal_msp.c...
compiling stm32f4xx_hal_pwr_ex.c...
compiling stm32f4xx_hal_flash.c...
compiling stm32f4xx_hal_flash_ramfunc.c...
compiling stm32f4xx_hal_rng.c...
compiling stm32f4xx_hal.c...
compiling stm32f4xx_hal_dma.c...
compiling stm32f4xx_hal_crc.c...
compiling stm32f4xx_hal_gpio.c...
compiling stm32f4xx_hal_i2c_ex.c...
compiling stm32f4xx_hal_rcc.c...
compiling stm32f4xx_hal_adc.c...
compiling stm32f4xx_hal_dma_ex.c...
compiling stm32f4xx_hal_cortex.c...
compiling stm32f4xx_hal_tim_ex.c...
compiling stm32f4xx_hal_rcc_ex.c...
compiling stm32f4xx_hal_can.c...
compiling stm32f4xx_hal_adc_ex.c...
compiling stm32f4xx_hal_tim.c...
compiling stm32f4xx_hal_uart.c...
compiling stm32f4xx_hal_flash_ex.c...
compiling stm32f4xx_hal_i2c.c...
compiling stm32f4xx_hal_pwr.c...
compiling system_stm32f4xx.c...
assembling startup_stm32f407xx.s...
compiling main.c...
../Src/main.c(141): warning:  #68-D: integer conversion resulted in a change of sign
  int8_t position_stateB[8]  ={  0,	  0,	166,	249,	166,	  0,	249,	249};		//??Ӧ״̬?ֱ?Ϊ0 1 2 3 4 5 ?? Զ
../Src/main.c(141): warning:  #68-D: integer conversion resulted in a change of sign
  int8_t position_stateB[8]  ={  0,	  0,	166,	249,	166,	  0,	249,	249};		//??Ӧ״̬?ֱ?Ϊ0 1 2 3 4 5 ?? Զ
../Src/main.c(141): warning:  #68-D: integer conversion resulted in a change of sign
  int8_t position_stateB[8]  ={  0,	  0,	166,	249,	166,	  0,	249,	249};		//??Ӧ״̬?ֱ?Ϊ0 1 2 3 4 5 ?? Զ
../Src/main.c(141): warning:  #68-D: integer conversion resulted in a change of sign
  int8_t position_stateB[8]  ={  0,	  0,	166,	249,	166,	  0,	249,	249};		//??Ӧ״̬?ֱ?Ϊ0 1 2 3 4 5 ?? Զ
../Src/main.c(141): warning:  #68-D: integer conversion resulted in a change of sign
  int8_t position_stateB[8]  ={  0,	  0,	166,	249,	166,	  0,	249,	249};		//??Ӧ״̬?ֱ?Ϊ0 1 2 3 4 5 ?? Զ
../Src/main.c(142): warning:  #68-D: integer conversion resulted in a change of sign
  int8_t angle_stateB[8]     ={	0,	170,	165 ,	185,	172,	174,	183,	139};
../Src/main.c(142): warning:  #68-D: integer conversion resulted in a change of sign
  int8_t angle_stateB[8]     ={	0,	170,	165 ,	185,	172,	174,	183,	139};
../Src/main.c(142): warning:  #68-D: integer conversion resulted in a change of sign
  int8_t angle_stateB[8]     ={	0,	170,	165 ,	185,	172,	174,	183,	139};
../Src/main.c(142): warning:  #68-D: integer conversion resulted in a change of sign
  int8_t angle_stateB[8]     ={	0,	170,	165 ,	185,	172,	174,	183,	139};
../Src/main.c(142): warning:  #68-D: integer conversion resulted in a change of sign
  int8_t angle_stateB[8]     ={	0,	170,	165 ,	185,	172,	174,	183,	139};
../Src/main.c(142): warning:  #68-D: integer conversion resulted in a change of sign
  int8_t angle_stateB[8]     ={	0,	170,	165 ,	185,	172,	174,	183,	139};
../Src/main.c(142): warning:  #68-D: integer conversion resulted in a change of sign
  int8_t angle_stateB[8]     ={	0,	170,	165 ,	185,	172,	174,	183,	139};
../Src/main.c(143): warning:  #68-D: integer conversion resulted in a change of sign
  int8_t brushless_stateB[8] ={	0,	128,	128,	132,	129,	130,	 82,	172};
../Src/main.c(143): warning:  #68-D: integer conversion resulted in a change of sign
  int8_t brushless_stateB[8] ={	0,	128,	128,	132,	129,	130,	 82,	172};
../Src/main.c(143): warning:  #68-D: integer conversion resulted in a change of sign
  int8_t brushless_stateB[8] ={	0,	128,	128,	132,	129,	130,	 82,	172};
../Src/main.c(143): warning:  #68-D: integer conversion resulted in a change of sign
  int8_t brushless_stateB[8] ={	0,	128,	128,	132,	129,	130,	 82,	172};
../Src/main.c(143): warning:  #68-D: integer conversion resulted in a change of sign
  int8_t brushless_stateB[8] ={	0,	128,	128,	132,	129,	130,	 82,	172};
../Src/main.c(143): warning:  #68-D: integer conversion resulted in a change of sign
  int8_t brushless_stateB[8] ={	0,	128,	128,	132,	129,	130,	 82,	172};
../Src/main.c(158): warning:  #68-D: integer conversion resulted in a change of sign
  int8_t position_state[8]  ={  0,	  0,	166,	249,	166,	  0,	249,	249};		//??Ӧ״̬?ֱ?Ϊ0 1 2 3 4 5 3?? 3Զ
../Src/main.c(158): warning:  #68-D: integer conversion resulted in a change of sign
  int8_t position_state[8]  ={  0,	  0,	166,	249,	166,	  0,	249,	249};		//??Ӧ״̬?ֱ?Ϊ0 1 2 3 4 5 3?? 3Զ
../Src/main.c(158): warning:  #68-D: integer conversion resulted in a change of sign
  int8_t position_state[8]  ={  0,	  0,	166,	249,	166,	  0,	249,	249};		//??Ӧ״̬?ֱ?Ϊ0 1 2 3 4 5 3?? 3Զ
../Src/main.c(158): warning:  #68-D: integer conversion resulted in a change of sign
  int8_t position_state[8]  ={  0,	  0,	166,	249,	166,	  0,	249,	249};		//??Ӧ״̬?ֱ?Ϊ0 1 2 3 4 5 3?? 3Զ
../Src/main.c(158): warning:  #68-D: integer conversion resulted in a change of sign
  int8_t position_state[8]  ={  0,	  0,	166,	249,	166,	  0,	249,	249};		//??Ӧ״̬?ֱ?Ϊ0 1 2 3 4 5 3?? 3Զ
../Src/main.c(159): warning:  #68-D: integer conversion resulted in a change of sign
  int8_t angle_state[8]     ={	0,	170,	170,	194,	172,	177,	176,	129};
../Src/main.c(159): warning:  #68-D: integer conversion resulted in a change of sign
  int8_t angle_state[8]     ={	0,	170,	170,	194,	172,	177,	176,	129};
../Src/main.c(159): warning:  #68-D: integer conversion resulted in a change of sign
  int8_t angle_state[8]     ={	0,	170,	170,	194,	172,	177,	176,	129};
../Src/main.c(159): warning:  #68-D: integer conversion resulted in a change of sign
  int8_t angle_state[8]     ={	0,	170,	170,	194,	172,	177,	176,	129};
../Src/main.c(159): warning:  #68-D: integer conversion resulted in a change of sign
  int8_t angle_state[8]     ={	0,	170,	170,	194,	172,	177,	176,	129};
../Src/main.c(159): warning:  #68-D: integer conversion resulted in a change of sign
  int8_t angle_state[8]     ={	0,	170,	170,	194,	172,	177,	176,	129};
../Src/main.c(159): warning:  #68-D: integer conversion resulted in a change of sign
  int8_t angle_state[8]     ={	0,	170,	170,	194,	172,	177,	176,	129};
../Src/main.c(160): warning:  #68-D: integer conversion resulted in a change of sign
  int8_t brushless_state[8] ={	0,	129,	127,	134,	129,	129,	 82,	165};
../Src/main.c(160): warning:  #68-D: integer conversion resulted in a change of sign
  int8_t brushless_state[8] ={	0,	129,	127,	134,	129,	129,	 82,	165};
../Src/main.c(160): warning:  #68-D: integer conversion resulted in a change of sign
  int8_t brushless_state[8] ={	0,	129,	127,	134,	129,	129,	 82,	165};
../Src/main.c(160): warning:  #68-D: integer conversion resulted in a change of sign
  int8_t brushless_state[8] ={	0,	129,	127,	134,	129,	129,	 82,	165};
../Src/main.c(160): warning:  #68-D: integer conversion resulted in a change of sign
  int8_t brushless_state[8] ={	0,	129,	127,	134,	129,	129,	 82,	165};
../Src/main.c(212): warning:  #1295-D: Deprecated declaration speed_0to1_ON - give arg types
  static void speed_0to1_ON();
../Src/main.c(213): warning:  #1295-D: Deprecated declaration speed_1to0_ON - give arg types
  static void speed_1to0_ON();
../Src/main.c(214): warning:  #1295-D: Deprecated declaration speed_0to2_ON - give arg types
  static void speed_0to2_ON();
../Src/main.c(215): warning:  #1295-D: Deprecated declaration speed_0to3_ON - give arg types
  static void speed_0to3_ON();
../Src/main.c(216): warning:  #1295-D: Deprecated declaration speed_0to4_ON - give arg types
  static void speed_0to4_ON();
../Src/main.c(217): warning:  #1295-D: Deprecated declaration speed_0to5_ON - give arg types
  static void speed_0to5_ON();
../Src/main.c(218): warning:  #1295-D: Deprecated declaration speed_2to0_ON - give arg types
  static void speed_2to0_ON();
../Src/main.c(219): warning:  #1295-D: Deprecated declaration speed_3to0_ON - give arg types
  static void speed_3to0_ON();
../Src/main.c(220): warning:  #1295-D: Deprecated declaration speed_4to0_ON - give arg types
  static void speed_4to0_ON();
../Src/main.c(221): warning:  #1295-D: Deprecated declaration speed_5to0_ON - give arg types
  static void speed_5to0_ON();
../Src/main.c(248): warning:  #177-D: variable "GPIO_InitStruct" was declared but never referenced
  	GPIO_InitTypeDef GPIO_InitStruct;
../Src/main.c(280): warning:  #177-D: variable "Text" was declared but never referenced
  	uint8_t Text[512];																					//sprintf?�?ת��
../Src/main.c(338): warning:  #177-D: variable "GPIO_InitStruct" was declared but never referenced
  		GPIO_InitTypeDef GPIO_InitStruct;
../Src/main.c(6956): warning:  #177-D: function "speed_0to5_ON" was declared but never referenced
  static void speed_0to5_ON()
../Src/main.c(7138): warning:  #177-D: function "speed_5to0_ON" was declared but never referenced
  static void speed_5to0_ON()
../Src/main.c: 50 warnings, 0 errors
linking...
Program Size: Code=80804 RO-data=440 RW-data=560 ZI-data=1984  
FromELF: creating hex file...
"RoboCon2017V2.0\RoboCon2017V2.0" - 0 Error(s), 50 Warning(s).

<h2>Software Packages used:</h2>

Package Vendor: ARM
                http://www.keil.com/pack/ARM.CMSIS.4.5.0.pack
                ARM::CMSIS:CORE:4.3.0
                CMSIS (Cortex Microcontroller Software Interface Standard)
   * Component: CORE Version: 4.3.0

<h2>Collection of Component include folders:</h2>
  C:\Users\zcw\Desktop\Robocon\RoboCon2017_final1.0\MDK-ARM\RTE
  I:\Keil 5\ARM\PACK\ARM\CMSIS\4.5.0\CMSIS\Include
  I:\Keil 5\ARM\PACK\Keil\STM32F4xx_DFP\2.11.0\Drivers\CMSIS\Device\ST\STM32F4xx\Include

<h2>Collection of Component Files used:</h2>

   * Component: ARM::CMSIS:CORE:4.3.0
Build Time Elapsed:  00:00:42
</pre>
</body>
</html>
